[    0.000000] Initializing cgroup subsys cpuset
[    0.000000] Initializing cgroup subsys cpu
[    0.000000] Initializing cgroup subsys cpuacct
[    0.000000] Linux version 4.4.0-96-generic (buildd@lgw01-10) (gcc version 5.4.0 20160609 (Ubuntu 5.4.0-6ubuntu1~16.04.4) ) #119-Ubuntu SMP Tue Sep 12 14:59:54 UTC 2017 (Ubuntu 4.4.0-96.119-generic 4.4.83)
[    0.000000] Command line: BOOT_IMAGE=/boot/vmlinuz-4.4.0-96-generic root=LABEL=cloudimg-rootfs ro console=tty1 console=ttyS0
[    0.000000] KERNEL supported cpus:
[    0.000000]   Intel GenuineIntel
[    0.000000]   AMD AuthenticAMD
[    0.000000]   Centaur CentaurHauls
[    0.000000] x86/fpu: xstate_offset[2]:  576, xstate_sizes[2]:  256
[    0.000000] x86/fpu: Supporting XSAVE feature 0x01: 'x87 floating point registers'
[    0.000000] x86/fpu: Supporting XSAVE feature 0x02: 'SSE registers'
[    0.000000] x86/fpu: Supporting XSAVE feature 0x04: 'AVX registers'
[    0.000000] x86/fpu: Enabled xstate features 0x7, context size is 832 bytes, using 'standard' format.
[    0.000000] x86/fpu: Using 'lazy' FPU context switches.
[    0.000000] e820: BIOS-provided physical RAM map:
[    0.000000] BIOS-e820: [mem 0x0000000000000000-0x000000000009fbff] usable
[    0.000000] BIOS-e820: [mem 0x000000000009fc00-0x000000000009ffff] reserved
[    0.000000] BIOS-e820: [mem 0x00000000000f0000-0x00000000000fffff] reserved
[    0.000000] BIOS-e820: [mem 0x0000000000100000-0x000000003ffeffff] usable
[    0.000000] BIOS-e820: [mem 0x000000003fff0000-0x000000003fffffff] ACPI data
[    0.000000] BIOS-e820: [mem 0x00000000fec00000-0x00000000fec00fff] reserved
[    0.000000] BIOS-e820: [mem 0x00000000fee00000-0x00000000fee00fff] reserved
[    0.000000] BIOS-e820: [mem 0x00000000fffc0000-0x00000000ffffffff] reserved
[    0.000000] NX (Execute Disable) protection: active
[    0.000000] SMBIOS 2.5 present.
[    0.000000] Hypervisor detected: KVM
[    0.000000] e820: last_pfn = 0x3fff0 max_arch_pfn = 0x400000000
[    0.000000] MTRR: Disabled
[    0.000000] x86/PAT: MTRRs disabled, skipping PAT initialization too.
[    0.000000] CPU MTRRs all blank - virtualized system.
[    0.000000] x86/PAT: Configuration [0-7]: WB  WT  UC- UC  WB  WT  UC- UC  
[    0.000000] found SMP MP-table at [mem 0x0009fff0-0x0009ffff] mapped at [ffff88000009fff0]
[    0.000000] Scanning 1 areas for low memory corruption
[    0.000000] RAMDISK: [mem 0x36ad8000-0x37563fff]
[    0.000000] ACPI: Early table checksum verification disabled
[    0.000000] ACPI: RSDP 0x00000000000E0000 000024 (v02 VBOX  )
[    0.000000] ACPI: XSDT 0x000000003FFF0030 00003C (v01 VBOX   VBOXXSDT 00000001 ASL  00000061)
[    0.000000] ACPI: FACP 0x000000003FFF00F0 0000F4 (v04 VBOX   VBOXFACP 00000001 ASL  00000061)
[    0.000000] ACPI: DSDT 0x000000003FFF0470 0021FF (v02 VBOX   VBOXBIOS 00000002 INTL 20100528)
[    0.000000] ACPI: FACS 0x000000003FFF0200 000040
[    0.000000] ACPI: FACS 0x000000003FFF0200 000040
[    0.000000] ACPI: APIC 0x000000003FFF0240 00005C (v02 VBOX   VBOXAPIC 00000001 ASL  00000061)
[    0.000000] ACPI: SSDT 0x000000003FFF02A0 0001CC (v01 VBOX   VBOXCPUT 00000002 INTL 20100528)
[    0.000000] No NUMA configuration found
[    0.000000] Faking a node at [mem 0x0000000000000000-0x000000003ffeffff]
[    0.000000] NODE_DATA(0) allocated [mem 0x3ffeb000-0x3ffeffff]
[    0.000000] kvm-clock: Using msrs 4b564d01 and 4b564d00
[    0.000000] kvm-clock: cpu 0, msr 0:3ffe3001, primary cpu clock
[    0.000000] kvm-clock: using sched offset of 6522899489 cycles
[    0.000000] clocksource: kvm-clock: mask: 0xffffffffffffffff max_cycles: 0x1cd42e4dffb, max_idle_ns: 881590591483 ns
[    0.000000] Zone ranges:
[    0.000000]   DMA      [mem 0x0000000000001000-0x0000000000ffffff]
[    0.000000]   DMA32    [mem 0x0000000001000000-0x000000003ffeffff]
[    0.000000]   Normal   empty
[    0.000000]   Device   empty
[    0.000000] Movable zone start for each node
[    0.000000] Early memory node ranges
[    0.000000]   node   0: [mem 0x0000000000001000-0x000000000009efff]
[    0.000000]   node   0: [mem 0x0000000000100000-0x000000003ffeffff]
[    0.000000] Initmem setup node 0 [mem 0x0000000000001000-0x000000003ffeffff]
[    0.000000] ACPI: PM-Timer IO Port: 0x4008
[    0.000000] IOAPIC[0]: apic_id 2, version 32, address 0xfec00000, GSI 0-23
[    0.000000] ACPI: INT_SRC_OVR (bus 0 bus_irq 0 global_irq 2 dfl dfl)
[    0.000000] ACPI: INT_SRC_OVR (bus 0 bus_irq 9 global_irq 9 high level)
[    0.000000] Using ACPI (MADT) for SMP configuration information
[    0.000000] smpboot: Allowing 2 CPUs, 0 hotplug CPUs
[    0.000000] PM: Registered nosave memory: [mem 0x00000000-0x00000fff]
[    0.000000] PM: Registered nosave memory: [mem 0x0009f000-0x0009ffff]
[    0.000000] PM: Registered nosave memory: [mem 0x000a0000-0x000effff]
[    0.000000] PM: Registered nosave memory: [mem 0x000f0000-0x000fffff]
[    0.000000] e820: [mem 0x40000000-0xfebfffff] available for PCI devices
[    0.000000] Booting paravirtualized kernel on KVM
[    0.000000] clocksource: refined-jiffies: mask: 0xffffffff max_cycles: 0xffffffff, max_idle_ns: 7645519600211568 ns
[    0.000000] setup_percpu: NR_CPUS:512 nr_cpumask_bits:512 nr_cpu_ids:2 nr_node_ids:1
[    0.000000] PERCPU: Embedded 34 pages/cpu @ffff88003fc00000 s98328 r8192 d32744 u1048576
[    0.000000] PV qspinlock hash table entries: 256 (order: 0, 4096 bytes)
[    0.000000] Built 1 zonelists in Node order, mobility grouping on.  Total pages: 257913
[    0.000000] Policy zone: DMA32
[    0.000000] Kernel command line: BOOT_IMAGE=/boot/vmlinuz-4.4.0-96-generic root=LABEL=cloudimg-rootfs ro console=tty1 console=ttyS0
[    0.000000] PID hash table entries: 4096 (order: 3, 32768 bytes)
[    0.000000] Memory: 1001764K/1048120K available (8479K kernel code, 1294K rwdata, 3984K rodata, 1492K init, 1316K bss, 46356K reserved, 0K cma-reserved)
[    0.000000] SLUB: HWalign=64, Order=0-3, MinObjects=0, CPUs=2, Nodes=1
[    0.000000] Hierarchical RCU implementation.
[    0.000000] 	Build-time adjustment of leaf fanout to 64.
[    0.000000] 	RCU restricting CPUs from NR_CPUS=512 to nr_cpu_ids=2.
[    0.000000] RCU: Adjusting geometry for rcu_fanout_leaf=64, nr_cpu_ids=2
[    0.000000] NR_IRQS:33024 nr_irqs:440 16
[    0.000000] Console: colour VGA+ 80x25
[    0.000000] console [tty1] enabled
[    0.000000] console [ttyS0] enabled
[    0.000000] tsc: Detected 2394.468 MHz processor
[    8.067784] Calibrating delay loop (skipped) preset value.. 4788.93 BogoMIPS (lpj=9577872)
[    8.184532] pid_max: default: 32768 minimum: 301
[    8.243862] ACPI: Core revision 20150930
[    8.282741] ACPI: 2 ACPI AML tables successfully acquired and loaded
[    8.373174] Security Framework initialized
[    8.438001] Yama: becoming mindful.
[    8.486828] AppArmor: AppArmor initialized
[    8.546294] Dentry cache hash table entries: 131072 (order: 8, 1048576 bytes)
[    8.624599] Inode-cache hash table entries: 65536 (order: 7, 524288 bytes)
[    8.653717] Mount-cache hash table entries: 2048 (order: 2, 16384 bytes)
[    8.696605] Mountpoint-cache hash table entries: 2048 (order: 2, 16384 bytes)
[    8.754642] Initializing cgroup subsys io
[    8.792131] Initializing cgroup subsys memory
[    8.850475] Initializing cgroup subsys devices
[    8.900665] Initializing cgroup subsys freezer
[    8.962333] Initializing cgroup subsys net_cls
[    9.031940] Initializing cgroup subsys perf_event
[    9.088698] Initializing cgroup subsys net_prio
[    9.154945] Initializing cgroup subsys hugetlb
[    9.173937] Initializing cgroup subsys pids
[    9.221111] CPU: Physical Processor ID: 0
[    9.278994] CPU: Processor Core ID: 0
[    9.294979] mce: CPU supports 0 MCE banks
[    9.356537] Last level iTLB entries: 4KB 1024, 2MB 1024, 4MB 1024
[    9.442944] Last level dTLB entries: 4KB 1024, 2MB 1024, 4MB 1024, 1GB 4
[    9.518701] Freeing SMP alternatives memory: 32K
[    9.570269] ftrace: allocating 32146 entries in 126 pages
[    9.722684] smpboot: APIC(0) Converting physical 0 to logical package 0
[    9.808648] smpboot: Max logical packages: 1
[    9.832519] x2apic enabled
[    9.849051] Switched APIC routing to physical x2apic.
[    9.874725] ..TIMER: vector=0x30 apic1=0 pin1=2 apic2=-1 pin2=-1
[   10.051565] smpboot: CPU0: Intel(R) Core(TM) i7-4700HQ CPU @ 2.40GHz (family: 0x6, model: 0x3c, stepping: 0x3)
[   10.192621] Performance Events: unsupported p6 CPU model 60 no PMU driver, software events only.
[   10.310780] KVM setup paravirtual spinlock
[   10.363064] x86: Booting SMP configuration:
[   10.421558] .... node  #0, CPUs:      #1
[   10.440770] kvm-clock: cpu 1, msr 0:3ffe3041, secondary cpu clock
[   10.473813] mce: CPU supports 0 MCE banks
[   10.495542] x86: Booted up 1 node, 2 CPUs
[   10.566480] smpboot: Total of 2 processors activated (9577.87 BogoMIPS)
[   10.643194] devtmpfs: initialized
[   10.706962] evm: security.selinux
[   10.761747] evm: security.SMACK64
[   10.809578] evm: security.SMACK64EXEC
[   10.890932] evm: security.SMACK64TRANSMUTE
[   10.962385] evm: security.SMACK64MMAP
[   11.040562] evm: security.ima
[   11.098552] evm: security.capability
[   11.157080] clocksource: jiffies: mask: 0xffffffff max_cycles: 0xffffffff, max_idle_ns: 7645041785100000 ns
[   11.270366] futex hash table entries: 512 (order: 3, 32768 bytes)
[   11.326647] pinctrl core: initialized pinctrl subsystem
[   11.385467] RTC time:  6:28:02, date: 10/20/17
[   11.447781] NET: Registered protocol family 16
[   11.519854] cpuidle: using governor ladder
[   11.575774] cpuidle: using governor menu
[   11.626986] PCCT header not found.
[   11.662066] ACPI: bus type PCI registered
[   11.690439] acpiphp: ACPI Hot Plug PCI Controller Driver version: 0.5
[   11.825829] PCI: Using configuration type 1 for base access
[   11.934980] ACPI: Added _OSI(Module Device)
[   12.001781] ACPI: Added _OSI(Processor Device)
[   12.061441] ACPI: Added _OSI(3.0 _SCP Extensions)
[   12.133158] ACPI: Added _OSI(Processor Aggregator Device)
[   12.210064] ACPI: Executed 1 blocks of module-level executable AML code
[   12.272430] ACPI: Interpreter enabled
[   12.333271] ACPI: (supports S0 S5)
[   12.351311] ACPI: Using IOAPIC for interrupt routing
[   12.393924] PCI: Using host bridge windows from ACPI; if necessary, use "pci=nocrs" and report a bug
[   12.511245] ACPI: PCI Root Bridge [PCI0] (domain 0000 [bus 00-ff])
[   12.587771] acpi PNP0A03:00: _OSC: OS supports [ASPM ClockPM Segments MSI]
[   12.711421] acpi PNP0A03:00: _OSC: not requesting OS control; OS requires [ExtendedConfig ASPM ClockPM MSI]
[   12.810006] acpi PNP0A03:00: fail to add MMCONFIG information, can't access extended PCI configuration space under this bridge.
[   12.945216] PCI host bridge to bus 0000:00
[   13.023344] pci_bus 0000:00: root bus resource [io  0x0000-0x0cf7 window]
[   13.114830] pci_bus 0000:00: root bus resource [io  0x0d00-0xffff window]
[   13.219306] pci_bus 0000:00: root bus resource [mem 0x000a0000-0x000bffff window]
[   13.312194] pci_bus 0000:00: root bus resource [mem 0x40000000-0xffdfffff window]
[   13.431209] pci_bus 0000:00: root bus resource [bus 00-ff]
[   13.480951] pci 0000:00:01.1: legacy IDE quirk: reg 0x10: [io  0x01f0-0x01f7]
[   13.569332] pci 0000:00:01.1: legacy IDE quirk: reg 0x14: [io  0x03f6]
[   13.664351] pci 0000:00:01.1: legacy IDE quirk: reg 0x18: [io  0x0170-0x0177]
[   13.725738] pci 0000:00:01.1: legacy IDE quirk: reg 0x1c: [io  0x0376]
[   13.848626] pci 0000:00:07.0: quirk: [io  0x4000-0x403f] claimed by PIIX4 ACPI
[   13.928199] pci 0000:00:07.0: quirk: [io  0x4100-0x410f] claimed by PIIX4 SMB
[   13.996105] ACPI: PCI Interrupt Link [LNKA] (IRQs 5 9 10 *11)
[   14.085153] ACPI: PCI Interrupt Link [LNKB] (IRQs 5 9 10 *11)
[   14.143012] ACPI: PCI Interrupt Link [LNKC] (IRQs 5 9 *10 11)
[   14.206088] ACPI: PCI Interrupt Link [LNKD] (IRQs 5 *9 10 11)
[   14.245233] ACPI: Enabled 2 GPEs in block 00 to 07
[   14.255805] vgaarb: setting as boot device: PCI:0000:00:02.0
[   14.328886] vgaarb: device added: PCI:0000:00:02.0,decodes=io+mem,owns=io+mem,locks=none
[   14.374703] vgaarb: loaded
[   14.404728] vgaarb: bridge control possible 0000:00:02.0
[   14.448017] SCSI subsystem initialized
[   14.460578] ACPI: bus type USB registered
[   14.495157] usbcore: registered new interface driver usbfs
[   14.534490] usbcore: registered new interface driver hub
[   14.586097] usbcore: registered new device driver usb
[   14.646304] PCI: Using ACPI for IRQ routing
[   14.680050] NetLabel: Initializing
[   14.716061] NetLabel:  domain hash size = 128
[   14.793349] NetLabel:  protocols = UNLABELED CIPSOv4
[   14.850760] NetLabel:  unlabeled traffic allowed by default
[   14.892639] amd_nb: Cannot enumerate AMD northbridges
[   14.921421] clocksource: Switched to clocksource kvm-clock
[   15.065164] AppArmor: AppArmor Filesystem Enabled
[   15.119998] pnp: PnP ACPI init
[   15.184024] pnp: PnP ACPI: found 3 devices
[   15.287727] clocksource: acpi_pm: mask: 0xffffff max_cycles: 0xffffff, max_idle_ns: 2085701024 ns
[   15.391359] NET: Registered protocol family 2
[   15.470476] TCP established hash table entries: 8192 (order: 4, 65536 bytes)
[   15.648736] TCP bind hash table entries: 8192 (order: 5, 131072 bytes)
[   15.785642] TCP: Hash tables configured (established 8192 bind 8192)
[   15.862071] UDP hash table entries: 512 (order: 2, 16384 bytes)
[   15.904185] UDP-Lite hash table entries: 512 (order: 2, 16384 bytes)
[   15.984477] NET: Registered protocol family 1
[   16.078743] pci 0000:00:00.0: Limiting direct PCI/PCI transfers
[   16.194909] pci 0000:00:01.0: Activating ISA DMA hang workarounds
[   16.286914] Unpacking initramfs...
[   22.920046] Freeing initrd memory: 10800K
[   22.974067] RAPL PMU detected, API unit is 2^-32 Joules, 4 fixed counters 10737418240 ms ovfl timer
[   23.125768] hw unit of domain pp0-core 2^-0 Joules
[   23.188390] hw unit of domain package 2^-0 Joules
[   23.236117] hw unit of domain dram 2^-0 Joules
[   23.291095] hw unit of domain pp1-gpu 2^-0 Joules
[   23.334312] platform rtc_cmos: registered platform RTC device (no PNP device found)
[   23.439856] Scanning for low memory corruption every 60 seconds
[   23.540642] audit: initializing netlink subsys (disabled)
[   23.562284] audit: type=2000 audit(1508480889.478:1): initialized
[   23.609582] Initialise system trusted keyring
[   23.644172] HugeTLB registered 2 MB page size, pre-allocated 0 pages
[   23.691553] zbud: loaded
[   23.702467] VFS: Disk quotas dquot_6.6.0
[   23.727530] VFS: Dquot-cache hash table entries: 512 (order 0, 4096 bytes)
[   23.762909] squashfs: version 4.0 (2009/01/31) Phillip Lougher
[   23.795204] fuse init (API version 7.23)
[   23.836293] Key type big_key registered
[   23.886769] Allocating IMA MOK and blacklist keyrings.
[   23.938179] Key type asymmetric registered
[   23.962626] Asymmetric key parser 'x509' registered
[   24.001760] Block layer SCSI generic (bsg) driver version 0.4 loaded (major 249)
[   24.044784] io scheduler noop registered
[   24.068962] io scheduler deadline registered (default)
[   24.101198] io scheduler cfq registered
[   24.136505] pci_hotplug: PCI Hot Plug PCI Core version: 0.5
[   24.144871] pciehp: PCI Express Hot Plug Controller Driver version: 0.4
[   24.179782] ACPI: AC Adapter [AC] (on-line)
[   24.218538] input: Power Button as /devices/LNXSYSTM:00/LNXPWRBN:00/input/input0
[   24.255487] ACPI: Power Button [PWRF]
[   24.278523] input: Sleep Button as /devices/LNXSYSTM:00/LNXSLPBN:00/input/input1
[   24.333599] tsc: Refined TSC clocksource calibration: 2393.527 MHz
[   24.333606] clocksource: tsc: mask: 0xffffffffffffffff max_cycles: 0x22805485b31, max_idle_ns: 440795242866 ns
[   24.487497] ACPI: Sleep Button [SLPF]
[   24.529852] GHES: HEST is not enabled!
[   24.531100] ACPI: Battery Slot [BAT0] (battery present)
[   24.744209] Serial: 8250/16550 driver, 32 ports, IRQ sharing enabled
[   24.813935] 00:02: ttyS0 at I/O 0x3f8 (irq = 4, base_baud = 115200) is a 16550A
[   24.866460] Linux agpgart interface v0.103
[   24.885111] loop: module loaded
[   24.906249] scsi host0: ata_piix
[   24.937487] scsi host1: ata_piix
[   24.961297] ata1: PATA max UDMA/33 cmd 0x1f0 ctl 0x3f6 bmdma 0xd000 irq 14
[   25.027834] ata2: PATA max UDMA/33 cmd 0x170 ctl 0x376 bmdma 0xd008 irq 15
[   25.039413] libphy: Fixed MDIO Bus: probed
[   25.060230] tun: Universal TUN/TAP device driver, 1.6
[   25.097097] tun: (C) 1999-2004 Max Krasnyansky <maxk@qualcomm.com>
[   25.117232] PPP generic driver version 2.4.2
[   25.125757] ehci_hcd: USB 2.0 'Enhanced' Host Controller (EHCI) Driver
[   25.167246] ehci-pci: EHCI PCI platform driver
[   25.220494] ehci-platform: EHCI generic platform driver
[   25.260452] ohci_hcd: USB 1.1 'Open' Host Controller (OHCI) Driver
[   25.316543] ohci-pci: OHCI PCI platform driver
[   25.364068] ohci-platform: OHCI generic platform driver
[   25.412865] uhci_hcd: USB Universal Host Controller Interface driver
[   25.496046] i8042: PNP: PS/2 Controller [PNP0303:PS2K,PNP0f03:PS2M] at 0x60,0x64 irq 1,12
[   25.541038] serio: i8042 KBD port at 0x60,0x64 irq 1
[   25.592822] serio: i8042 AUX port at 0x60,0x64 irq 12
[   25.611512] mousedev: PS/2 mouse device common for all mice
[   25.709013] input: AT Translated Set 2 keyboard as /devices/platform/i8042/serio0/input/input2
[   25.831199] rtc_cmos rtc_cmos: rtc core: registered rtc_cmos as rtc0
[   25.997707] rtc_cmos rtc_cmos: alarms up to one day, 114 bytes nvram
[   26.123896] i2c /dev entries driver
[   26.174564] device-mapper: uevent: version 1.0.3
[   26.236785] device-mapper: ioctl: 4.34.0-ioctl (2015-10-28) initialised: dm-devel@redhat.com
[   26.290430] ledtrig-cpu: registered to indicate activity on CPUs
[   26.339908] NET: Registered protocol family 10
[   26.405075] NET: Registered protocol family 17
[   26.440983] Key type dns_resolver registered
[   26.489850] microcode: CPU0 sig=0x306c3, pf=0x40, revision=0x0
[   26.544527] microcode: CPU1 sig=0x306c3, pf=0x40, revision=0x0
[   26.576112] microcode: Microcode Update Driver: v2.01 <tigran@aivazian.fsnet.co.uk>, Peter Oruba
[   26.616008] registered taskstats version 1
[   26.662244] Loading compiled-in X.509 certificates
[   26.695798] Loaded X.509 cert 'Build time autogenerated kernel key: b1a6ea8776bed2812c00d8a799f968274ef48628'
[   26.765261] zswap: loaded using pool lzo/zbud
[   26.877447] Key type trusted registered
[   26.922032] Key type encrypted registered
[   26.947160] AppArmor: AppArmor sha1 policy hashing enabled
[   26.982402] ima: No TPM chip found, activating TPM-bypass!
[   27.041358] evm: HMAC attrs: 0x1
[   27.088282]   Magic number: 5:89:469
[   27.144718] rtc_cmos rtc_cmos: setting system clock to 2017-10-20 06:28:18 UTC (1508480898)
[   27.233341] BIOS EDD facility v0.16 2004-Jun-25, 0 devices found
[   27.308777] EDD information not available.
[   27.363364] Freeing unused kernel memory: 1492K
[   27.374766] Write protecting the kernel read-only data: 14336k
[   27.415596] Freeing unused kernel memory: 1748K
[   27.484118] Freeing unused kernel memory: 112K
Loading, please wait...
starting version[   27.577199] random: systemd-udevd: uninitialized urandom read (16 bytes read, 4 bits of entropy available)
 229
[   27.578862] random: udevadm: uninitialized urandom read (16 bytes read, 4 bits of entropy available)
[   27.579063] random: udevadm: uninitialized urandom read (16 bytes read, 4 bits of entropy available)
[   27.579373] random: udevadm: uninitialized urandom read (16 bytes read, 4 bits of entropy available)
[   27.579479] random: udevadm: uninitialized urandom read (16 bytes read, 4 bits of entropy available)
[   27.579580] random: udevadm: uninitialized urandom read (16 bytes read, 4 bits of entropy available)
[   27.579694] random: udevadm: uninitialized urandom read (16 bytes read, 4 bits of entropy available)
[   27.579799] random: udevadm: uninitialized urandom read (16 bytes read, 4 bits of entropy available)
[   27.579888] random: udevadm: uninitialized urandom read (16 bytes read, 4 bits of entropy available)
[   27.580052] random: udevadm: uninitialized urandom read (16 bytes read, 4 bits of entropy available)
[   28.937141] e1000: Intel(R) PRO/1000 Network Driver - version 7.3.21-k8-NAPI
[   29.014694] e1000: Copyright (c) 1999-2006 Intel Corporation.
[   29.067458] Fusion MPT base driver 3.04.20
[   29.108930] Copyright (c) 1999-2008 LSI Corporation
[   29.188035] AVX version of gcm_enc/dec engaged.
[   29.226361] AES CTR mode by8 optimization enabled
[   29.292161] input: ImExPS/2 Generic Explorer Mouse as /devices/platform/i8042/serio1/input/input4
[   29.354399] Fusion MPT SPI Host driver 3.04.20
[   29.885122] e1000 0000:00:03.0 eth0: (PCI:33MHz:32-bit) 02:d2:3e:0e:ff:c0
[   29.948197] e1000 0000:00:03.0 eth0: Intel(R) PRO/1000 Network Connection
[   30.618293] e1000 0000:00:08.0 eth1: (PCI:33MHz:32-bit) 08:00:27:f2:04:e1
[   30.659307] e1000 0000:00:08.0 eth1: Intel(R) PRO/1000 Network Connection
[   30.715696] e1000 0000:00:03.0 enp0s3: renamed from eth0
[   30.806857] mptbase: ioc0: Initiating bringup
[   30.899625] e1000 0000:00:08.0 enp0s8: renamed from eth1
[   31.002130] ioc0: LSI53C1030 A0: Capabilities={Initiator}
[   31.204878] scsi host2: ioc0: LSI53C1030 A0, FwRev=00000000h, Ports=1, MaxQ=256, IRQ=20
[   31.371108] scsi 2:0:0:0: Direct-Access     VBOX     HARDDISK         1.0  PQ: 0 ANSI: 5
[   31.493897] scsi target2:0:0: Beginning Domain Validation
[   31.568043] scsi target2:0:0: Domain Validation skipping write tests
[   31.616199] scsi target2:0:0: Ending Domain Validation
[   31.681470] scsi target2:0:0: asynchronous
[   31.789325] scsi 2:0:1:0: Direct-Access     VBOX     HARDDISK         1.0  PQ: 0 ANSI: 5
[   31.974316] scsi target2:0:1: Beginning Domain Validation
[   32.102765] floppy0: no floppy controllers found
[   32.162796] scsi target2:0:1: Domain Validation skipping write tests
[   32.192627] scsi target2:0:1: Ending Domain Validation
[   32.214548] scsi target2:0:1: asynchronous
[   32.256779] sd 2:0:0:0: Attached scsi generic sg0 type 0
[   32.284115] sd 2:0:0:0: [sda] 20971520 512-byte logical blocks: (10.7 GB/10.0 GiB)
[   32.291154] sd 2:0:1:0: [sdb] 20480 512-byte logical blocks: (10.5 MB/10.0 MiB)
[   32.291558] sd 2:0:1:0: [sdb] Write Protect is off
[   32.291984] sd 2:0:1:0: [sdb] Incomplete mode parameter data
[   32.291989] sd 2:0:1:0: [sdb] Assuming drive cache: write through
[   32.299082] sd 2:0:1:0: Attached scsi generic sg1 type 0
[   32.305499] sd 2:0:1:0: [sdb] Attached SCSI disk
[   32.520987] sd 2:0:0:0: [sda] Write Protect is off
[   32.570019] sd 2:0:0:0: [sda] Incomplete mode parameter data
[   32.657079] sd 2:0:0:0: [sda] Assuming drive cache: write through
[   32.750183]  sda: sda1
[   32.785934] sd 2:0:0:0: [sda] Attached SCSI disk
Begin: Loading e[   35.067004] md: linear personality registered for level -1
ssential drivers[   35.129826] md: multipath personality registered for level -4
 ... [   35.210437] md: raid0 personality registered for level 0
[   35.304606] md: raid1 personality registered for level 1
[   35.441855] raid6: sse2x1   gen()  2026 MB/s
[   35.537984] raid6: sse2x1   xor()  1393 MB/s
[   35.665783] raid6: sse2x2   gen()  2531 MB/s
[   35.758059] raid6: sse2x2   xor()  1417 MB/s
[   35.849837] raid6: sse2x4   gen()  2125 MB/s
[   35.977823] raid6: sse2x4   xor()  1801 MB/s
[   36.069072] raid6: using algorithm sse2x2 gen() 2531 MB/s
[   36.113924] raid6: .... xor() 1417 MB/s, rmw enabled
[   36.156740] raid6: using ssse3x2 recovery algorithm
[   36.197982] xor: automatically using best checksumming function:
[   36.301474]    avx       :  4620.000 MB/sec
[   36.380101] async_tx: api initialized (async)
[   36.503885] md: raid6 personality registered for level 6
[   36.610144] md: raid5 personality registered for level 5
[   36.675841] md: raid4 personality registered for level 4
[   36.739276] md: raid10 personality registered for level 10
done.
Begin: Running /scripts/init-premount ... done.
Begin: Mounting root file system ... Begin: Running /scripts/local-top ... done.
Begin: Running /scripts/local-premount ... [   36.923283] Btrfs loaded
Scanning for Btrfs filesystems
done.
Warning: fsck not present, so skipping root file system
[   37.096257] EXT4-fs (sda1): mounted filesystem with ordered data mode. Opts: (null)
done.
Begin: Running /scripts/local-bottom ... done.
Begin: Running /scripts/init-bottom ... done.
[   37.876829] systemd[1]: systemd 229 running in system mode. (+PAM +AUDIT +SELINUX +IMA +APPARMOR +SMACK +SYSVINIT +UTMP +LIBCRYPTSETUP +GCRYPT +GNUTLS +ACL +XZ -LZ4 +SECCOMP +BLKID +ELFUTILS +KMOD -IDN)
[   38.050894] systemd[1]: Detected virtualization oracle.
[   38.105377] systemd[1]: Detected architecture x86-64.

Welcome to [1mUbuntu 16.04.3 LTS[0m!

[   38.174271] systemd[1]: Set hostname to <ubuntu-xenial>.
[   38.236362] random: nonblocking pool is initialized
[   39.338558] systemd[1]: Listening on LVM2 metadata daemon socket.
[[0;32m  OK  [0m] Listening on LVM2 metadata daemon socket.
[   39.438665] systemd[1]: Listening on Device-mapper event daemon FIFOs.
[[0;32m  OK  [0m] Listening on Device-mapper event daemon FIFOs.
[   39.554875] systemd[1]: Listening on Journal Socket.
[[0;32m  OK  [0m] Listening on Journal Socket.
[   39.718083] systemd[1]: Created slice System Slice.
[[0;32m  OK  [0m] Created slice System Slice.
[   39.897860] systemd[1]: Mounting Debug File System...
         Mounting Debug File System...
[   40.078833] systemd[1]: Starting Load Kernel Modules...
         Starting Load Kernel Modules...
[   40.154206] systemd[1]: Starting Create list of required static device nodes for the current kernel...
[   40.248985] Loading iSCSI transport class v2.0-870.
         Starting Create list of required st... nodes for the cu[   40.413228] iscsi: registered transport (tcp)
rrent kernel...
[   40.538013] systemd[1]: Listening on LVM2 poll daemon socket.
[[0;32m  OK  [0m] Listening on LVM2 poll daemon socket.
[   40.622953] systemd[1]: Started Forward Password Requests to Wall Directory Watch.
[[0;32m  OK  [0m] Started Forward Password Requests to Wall Directory Watch.
[   40.695136] iscsi: registered transport (iser)
[   40.782181] systemd[1]: Mounting Huge Pages File System...
         Mounting Huge Pages File System...
[   40.835249] systemd[1]: Created slice system-serial\x2dgetty.slice.
[[0;32m  OK  [0m] Created slice system-serial\x2dgetty.slice.
[   41.010483] systemd[1]: Starting Monitoring of LVM2 mirrors, snapshots etc. using dmeventd or progress polling...
         Starting Monitoring of LVM2 mirrors... dmeventd or progress polling...
[   41.242190] systemd[1]: Starting Remount Root and Kernel File Systems...
[   41.259111] EXT4-fs (sda1): re-mounted. Opts: (null)
         Starting Remount Root and Kernel File Systems...
[   41.474591] systemd[1]: Listening on udev Kernel Socket.
[[0;32m  OK  [0m] Listening on udev Kernel Socket.
[   41.578276] systemd[1]: Listening on /dev/initctl Compatibility Named Pipe.
[[0;32m  OK  [0m] Listening on /dev/initctl Compatibility Named Pipe.
[   41.774378] systemd[1]: Starting Uncomplicated firewall...
         Starting Uncomplicated firewall...
[   41.830272] systemd[1]: Listening on Syslog Socket.
[[0;32m  OK  [0m] Listening on Syslog Socket.
[   41.898489] systemd[1]: Set up automount Arbitrary Executable File Formats File System Automount Point.
[[0;32m  OK  [0m] Set up automount Arbitrary Executab...ats File System Automount Point.
[   41.987368] systemd[1]: Created slice User and Session Slice.
[[0;32m  OK  [0m] Created slice User and Session Slice.
[   42.027904] systemd[1]: Reached target Slices.
[[0;32m  OK  [0m] Reached target Slices.
[   42.102986] systemd[1]: Listening on Journal Socket (/dev/log).
[[0;32m  OK  [0m] Listening on Journal Socket (/dev/log).
[   42.174318] systemd[1]: Starting Nameserver information manager...
         Starting Nameserver information manager...
[   42.262566] systemd[1]: Starting Set console keymap...
         Starting Set console keymap...
[   42.338609] systemd[1]: Reached target Swap.
[[0;32m  OK  [0m] Reached target Swap.
[   42.403653] systemd[1]: Started Trigger resolvconf update for networkd DNS.
[[0;32m  OK  [0m] Started Trigger resolvconf update for networkd DNS.
[   42.502954] systemd[1]: Listening on udev Control Socket.
[[0;32m  OK  [0m] Listening on udev Control Socket.
[   42.653795] systemd[1]: Mounting POSIX Message Queue File System...
         Mounting POSIX Message Queue File System...
[   42.766304] systemd[1]: Listening on Journal Audit Socket.
[[0;32m  OK  [0m] Listening on Journal Audit Socket.
[   42.878262] systemd[1]: Starting Journal Service...
         Starting Journal Service...
[   42.970365] systemd[1]: Reached target User and Group Name Lookups.
[[0;32m  OK  [0m] Reached target User and Group Name Lookups.
[   43.056822] systemd[1]: Reached target Encrypted Volumes.
[[0;32m  OK  [0m] Reached target Encrypted Volumes.
[   43.156523] systemd[1]: Mounted Debug File System.
[[0;32m  OK  [0m] Mounted Debug File System.
[   43.194485] systemd[1]: Mounted Huge Pages File System.
[[0;32m  OK  [0m] Mounted Huge Pages File System.
[   43.326734] systemd[1]: Mounted POSIX Message Queue File System.
[[0;32m  OK  [0m] Mounted POSIX Message Queue File System.
[   43.446851] systemd[1]: Started Journal Service.
[[0;32m  OK  [0m] Started Journal Service.
[[0;32m  OK  [0m] Started Load Kernel Modules.
[[0;32m  OK  [0m] Started Create list of required sta...ce nodes for the current kernel.
[[0;32m  OK  [0m] Started Remount Root and Kernel File Systems.
[[0;32m  OK  [0m] Started Uncomplicated firewall.
[[0;32m  OK  [0m] Started Set console keymap.
[[0;32m  OK  [0m] Started Nameserver information manager.
[[0;32m  OK  [0m] Started LVM2 metadata daemon.
         Starting Initial cloud-init job (pre-networking)...
         Starting Load/Save Random Seed...
         Starting udev Coldplug all Devices...
         Starting Create Static Device Nodes in /dev...
         Starting Apply Kernel Variables...
         Mounting FUSE Control File System...
         Starting Flush Journal to Persistent Storage...
[[0;32m  OK  [0m] Mounted FUSE Control File System.
[[0;32m  OK  [0m] Started Load/Save Random Seed.
[[0;32m  OK  [0m] Started Create Static Device Nodes in /dev.
[[0;32m  OK  [0m] Started Monitoring of LVM2 mirrors,...ng dmeventd or progress polling.
[[0;32m  OK  [0m] Started Apply Kernel Variables.
[[0;32m  OK  [0m] Started udev Coldplug all Devices.
[[0;32m  OK  [0m] Started Flush Journal to Persistent Storage.
         Starting udev Kernel Device Manager...
[[0;32m  OK  [0m] Started udev Kernel Device Manager.
[[0;32m  OK  [0m] Reached target Local File Systems (Pre).
[[0;32m  OK  [0m] Reached target Local File Systems.
         Starting LSB: AppArmor initialization...
         Starting Tell Plymouth To Write Out Runtime Data...
         Starting Set console font and keymap...
         Starting Create Volatile Files and Directories...
[[0;32m  OK  [0m] Started Dispatch Password Requests to Console Directory Watch.
[[0;32m  OK  [0m] Started Tell Plymouth To Write Out Runtime Data.
[[0;32m  OK  [0m] Started Create Volatile Files and Directories.
[[0;32m  OK  [0m] Found device /dev/ttyS0.
         Starting Update UTMP about System Boot/Shutdown...
[[0;32m  OK  [0m] Reached target System Time Synchronized.
[[0;32m  OK  [0m] Started Update UTMP about System Boot/Shutdown.
[[0;32m  OK  [0m] Found device 82540EM Gigabit Ethern...r (PRO/1000 MT Desktop Adapter).
[[0;32m  OK  [0m] Started LSB: AppArmor initialization.
[[0;32m  OK  [0m] Found device 82540EM Gigabit Ethern...r (PRO/1000 MT Desktop Adapter).
[[0;32m  OK  [0m] Listening on Load/Save RF Kill Switch Status /dev/rfkill Watch.
[[0;32m  OK  [0m] Started Set console font and keymap.
[   35.987914] cloud-init[439]: Cloud-init v. 0.7.9 running 'init-local' at Fri, 20 Oct 2017 06:28:40 +0000. Up 34.73 seconds.
[[0;32m  OK  [0m] Started Initial cloud-init job (pre-networking).
[[0;32m  OK  [0m] Reached target Network (Pre).
         Starting Raise network interfaces...
[[0;32m  OK  [0m] Started ifup for enp0s8.
[[0;32m  OK  [0m] Started ifup for enp0s3.
[[0;32m  OK  [0m] Created slice system-getty.slice.
[[0;32m  OK  [0m] Started Raise network interfaces.
         Starting Initial cloud-init job (metadata service crawler)...
[[0;32m  OK  [0m] Reached target Network.
[   39.851100] cloud-init[1057]: Cloud-init v. 0.7.9 running 'init' at Fri, 20 Oct 2017 06:28:43 +0000. Up 38.25 seconds.
[   39.969406] cloud-init[1057]: ci-info: +++++++++++++++++++++++++++++++++++++Net device info++++++++++++++++++++++++++++++++++++++
[   40.053592] [cloud-init[0;32m  OK  [0m[1057]: ] ci-info: +--------+------+----------------------------+---------------+-------+-------------------+Started Initial cloud-init job (metadata service crawler).

[   40.055237] cloud-init[1057]: ci-info: | Device |  Up  |          Address           |      Mask     | Scope |     Hw-Address    |
[   40.353528] [cloud-init[0;32m  OK  [0m[1057]: ] ci-info: +--------+------+----------------------------+---------------+-------+-------------------+Reached target System Initialization.

[   40.355782] [cloud-init[0;32m  OK  [0m[1057]: ] ci-info: | enp0s3 | True |         10.0.2.15          | 255.255.255.0 |   .   | 02:d2:3e:0e:ff:c0 |Started Daily Cleanup of Temporary Directories.

[   40.463207] cloud-init[1057]: ci-info: | enp0s3 | True | fe80::d2:3eff:fe0e:ffc0/64 |       .       |  link | 02:d2:3e:0e:ff:c0 |
[   40.702430] [[0;32m  OK  [0m] Started ACPI Events Check.cloud-init
[1057]: ci-info: | enp0s8 | True |       192.168.10.10        | 255.255.255.0 |   .   | 08:00:27:f2:04:e1 |
[   40.850159] [[0;32m  OK  [0m] Reached target Paths.
cloud-init[1057]: ci-info: | enp0s8 | True | fe80::a00:27ff:fef2:4e1/64 |       .       |  link | 08:00:27:f2:04:e1 |
[   41.001274]          cloud-initStarting Socket activation for snappy daemon.[1057]: 
ci-info: |   lo   | True |         127.0.0.1          |   255.0.0.0   |   .   |         .         |
[   41.149640] [cloud-init[0;32m  OK  [0m[1057]: ] ci-info: |   lo   | True |          ::1/128           |       .       |  host |         .         |Listening on D-Bus System Message Bus Socket.

[   41.151565] [cloud-init[0;32m  OK  [0m[1057]: ] ci-info: +--------+------+----------------------------+---------------+-------+-------------------+Listening on ACPID Listen Socket.

[[0;32m  OK  [0m] Listening on UUID daemon activation socket.
[   41.414299] cloud-init[1057]: ci-info: ++++++++++++++++++++++++++++Route IPv4 info++++++++++++++++++++++++++++
[   41.533109]          cloud-initStarting Docker Socket for the API.[1057]: 
ci-info: +-------+--------------+----------+---------------+-----------+-------+
[   41.692881] cloud-init[1057]: ci-info: | Route | Destination  | Gateway  |    Genmask    | Interface | Flags |
[[0;32m  OK  [0m] Started Timer to automatically refresh installed snaps.
[   41.694745] [[0;32m  OK  [0m] Started Timer to automatically fetch and run repair assertions.
cloud-init[1057]: ci-info: +-------+--------------+----------+---------------+-----------+-------+
         Starting LXD - unix socket.
[   42.083580] [cloud-init[0;32m  OK  [0m[1057]: ] ci-info: |   0   |   0.0.0.0    | 10.0.2.2 |    0.0.0.0    |   enp0s3  |   UG  |Reached target Cloud-config availability.

[   42.289312] [cloud-init[0;32m  OK  [0m[1057]: ] ci-info: |   1   |   10.0.2.0   | 0.0.0.0  | 255.255.255.0 |   enp0s3  |   U   |Reached target Network is Online.

[   42.291280] [cloud-init[0;32m  OK  [0m[1057]: ] ci-info: |   2   | 192.168.10.0 | 0.0.0.0  | 255.255.255.0 |   enp0s8  |   U   |Started Daily apt download activities.

[[0;32m  OK  [0m] Started Daily apt upgrade and clean activities.
[[0;32m  OK  [0m] Reached target Timers.
[   42.408437] cloud-init[1057]: ci-info: +-------+--------------+----------+---------------+-----------+-------+
         Starting iSCSI initiator daemon (iscsid)...
[[0;32m  OK  [0m] Listening on Socket activation for snappy daemon.
[[0;32m  OK  [0m] Listening on Docker Socket for the API.
[[0;32m  OK  [0m] Listening on LXD - unix socket.
[[0;32m  OK  [0m] Started iSCSI initiator daemon (iscsid).
         Starting Login to default iSCSI targets...
[[0;32m  OK  [0m] Reached target Sockets.
[[0;32m  OK  [0m] Reached target Basic System.
         Starting LSB: Record successful boot for GRUB...
[[0;32m  OK  [0m] Started Unattended Upgrades Shutdown.
         Starting LXD - container startup/shutdown...
[[0;32m  OK  [0m] Started D-Bus System Message Bus.
[[0;32m  OK  [0m] Started Deferred execution scheduler.
         Starting LSB: MD monitoring daemon...
         Starting System Logging Service...
         Starting Apply the settings specified in cloud-config...
[[0;32m  OK  [0m] Started FUSE filesystem for LXC.
         Starting /etc/rc.local Compatibility...
         Starting Docker Application Container Engine...
         Starting Login Service...
[[0;32m  OK  [0m] Started Regular background program processing daemon.
[[0;32m  OK  [0m] Started ACPI event daemon.
         Starting Accounts Service...
         Starting OpenBSD Secure Shell server...
         Starting Snappy daemon...
         Starting Automatically fetch and run repair assertions...
[[0;32m  OK  [0m] Started System Logging Service.
[[0;32m  OK  [0m] Started /etc/rc.local Compatibility.
[[0;32m  OK  [0m] Started LXD - container startup/shutdown.
[[0;32m  OK  [0m] Started Login to default iSCSI targets.
[[0;32m  OK  [0m] Started Automatically fetch and run repair assertions.
[[0;32m  OK  [0m] Started LSB: Record successful boot for GRUB.
[[0;32m  OK  [0m] Started LSB: MD monitoring daemon.
[[0;32m  OK  [0m] Started OpenBSD Secure Shell server.
[[0;32m  OK  [0m] Started Login Service.
         Starting Authenticate and Authorize Users to Run Privileged Tasks...
[[0;32m  OK  [0m] Reached target Remote File Systems (Pre).
[[0;32m  OK  [0m] Reached target Remote File Systems.
         Starting LSB: automatic crash report generation...
         Starting LSB: Set the CPU Frequency Scaling governor to "ondemand"...
         Starting LSB: VirtualBox Linux Additions...
         Starting Permit User Sessions...
         Starting LSB: Set up cgroupfs mounts....
         Starting LSB: daemon to balance interrupts for SMP systems...
[[0;32m  OK  [0m] Started Permit User Sessions.
[[0;32m  OK  [0m] Started LSB: Set up cgroupfs mounts..
[[0;32m  OK  [0m] Started Authenticate and Authorize Users to Run Privileged Tasks.
[[0;32m  OK  [0m] Started Snappy daemon.
[   46.339207] cloud-init[1141]: Cloud-init v. 0.7.9 running 'modules:config' at Fri, 20 Oct 2017 06:28:50 +0000. Up 45.35 seconds.
[[0;32m  OK  [0m] Started Accounts Service.
[[0;32m  OK  [0m] Started Apply the settings specified in cloud-config.
[[0;32m  OK  [0m] Started LSB: Set the CPU Frequency Scaling governor to "ondemand".
[[0;32m  OK  [0m] Started LSB: automatic crash report generation.
         Starting Auto import assertions from block devices...
         Starting Terminate Plymouth Boot Screen...
         Starting Hold until boot process finishes up...
[[0;32m  OK  [0m] Started LSB: daemon to balance interrupts for SMP systems.
[[0;32m  OK  [0m] Started Auto import assertions from block devices.
[[0;32m  OK  [0m] Started Terminate Plymouth Boot Screen.
[[0;32m  OK  [0m] Started Hold until boot process finishes up.
[[0;32m  OK  [0m] Started LSB: VirtualBox Linux Additions.
         Starting Set console scheme...
[[0;32m  OK  [0m] Started Serial Getty on ttyS0.
[[0;32m  OK  [0m] Started Getty on tty1.
[[0;32m  OK  [0m] Reached target Login Prompts.
[[0;32m  OK  [0m] Started Set console scheme.

Ubuntu 16.04.3 LTS ubuntu-xenial ttyS0

ubuntu-xenial login: [   55.160271] cloud-init[1551]: Cloud-init v. 0.7.9 running 'modules:final' at Fri, 20 Oct 2017 06:29:00 +0000. Up 54.61 seconds.
[   55.161663] cloud-init[1551]: Cloud-init v. 0.7.9 finished at Fri, 20 Oct 2017 06:29:00 +0000. Datasource DataSourceNoCloud [seed=/dev/sdb][dsmode=net].  Up 55.14 seconds
